Naveen@DESKTOP-SI25UAT MINGW64 /e/naveen_working_dir (master)
$  git status
On branch master
Changes to be committed:
  (use "git restore --staged <file>..." to unstage)
        new file:   profile.txt


Naveen@DESKTOP-SI25UAT MINGW64 /e/naveen_working_dir (master)
$ git commit -m "adding profile.txt"
[master 92f6068] adding profile.txt
 1 file changed, 0 insertions(+), 0 deletions(-)
 create mode 100644 profile.txt

Naveen@DESKTOP-SI25UAT MINGW64 /e/naveen_working_dir (master)
$  git status
On branch master
nothing to commit, working tree clean

Naveen@DESKTOP-SI25UAT MINGW64 /e/naveen_working_dir (master)
$ git add profile.txt

Naveen@DESKTOP-SI25UAT MINGW64 /e/naveen_working_dir (master)
$ git commit -m "adding profile.txt"
[master e69e6c6] adding profile.txt
 1 file changed, 2 insertions(+)

Naveen@DESKTOP-SI25UAT MINGW64 /e/naveen_working_dir (master)
$  git status
On branch master
nothing to commit, working tree clean

Naveen@DESKTOP-SI25UAT MINGW64 /e/naveen_working_dir (master)
$ git add java5.txt

Naveen@DESKTOP-SI25UAT MINGW64 /e/naveen_working_dir (master)
$  git status
On branch master
Changes to be committed:
  (use "git restore --staged <file>..." to unstage)
        new file:   java5.txt

Untracked files:
  (use "git add <file>..." to include in what will be committed)
        java6.txt


Naveen@DESKTOP-SI25UAT MINGW64 /e/naveen_working_dir (master)
$ git commit -a -m "adding more files"
[master 27196ca] adding more files
 3 files changed, 3 insertions(+)
 create mode 100644 java5.txt

Naveen@DESKTOP-SI25UAT MINGW64 /e/naveen_working_dir (master)
$ git status
On branch master
Untracked files:
  (use "git add <file>..." to include in what will be committed)
        java6.txt

nothing added to commit but untracked files present (use "git add" to track)

Naveen@DESKTOP-SI25UAT MINGW64 /e/naveen_working_dir (master)
$
